src/modules/audit/interfaces/IActivityHistoryRepository.ts(1,10): error TS2724: '"../models/ActivityHistory"' has no exported member named 'IActivityHistory'. Did you mean 'ActivityHistory'?
src/modules/audit/interfaces/IActivityHistoryService.ts(1,10): error TS2724: '"../models/ActivityHistory"' has no exported member named 'IActivityHistory'. Did you mean 'ActivityHistory'?
src/modules/audit/interfaces/IActivityHistoryService.ts(1,28): error TS2459: Module '"../models/ActivityHistory"' declares 'ActivityEntityType' locally, but it is not exported.
src/modules/audit/interfaces/IActivityHistoryService.ts(1,48): error TS2459: Module '"../models/ActivityHistory"' declares 'ActivityAction' locally, but it is not exported.
src/modules/audit/interfaces/IActivityHistoryService.ts(1,48): error TS6133: 'ActivityAction' is declared but its value is never read.
src/modules/audit/repositories/ActivityHistoryRepository.ts(1,27): error TS2724: '"../models/ActivityHistory"' has no exported member named 'IActivityHistory'. Did you mean 'ActivityHistory'?
src/modules/audit/services/ActivityHistoryService.ts(1,10): error TS2724: '"../models/ActivityHistory"' has no exported member named 'IActivityHistory'. Did you mean 'ActivityHistory'?
src/modules/audit/services/ActivityHistoryService.ts(1,28): error TS2459: Module '"../models/ActivityHistory"' declares 'ActivityEntityType' locally, but it is not exported.
src/modules/audit/services/ActivityHistoryService.ts(4,35): error TS2459: Module '"../interfaces/IActivityHistoryService"' declares 'LogActivityData' locally, but it is not exported.
src/modules/audit/services/ActivityHistoryService.ts(4,52): error TS2459: Module '"../interfaces/IActivityHistoryService"' declares 'ActivityFilters' locally, but it is not exported.
src/modules/chat/interfaces/IChatService.ts(1,10): error TS2724: '"../models/ChatRoom"' has no exported member named 'IChatRoom'. Did you mean 'ChatRoom'?
src/modules/chat/interfaces/IChatService.ts(2,10): error TS2724: '"../models/Message"' has no exported member named 'IMessage'. Did you mean 'Message'?
src/modules/notification/controllers/NotificationController.ts(4,1): error TS6133: 'INotification' is declared but its value is never read.
src/modules/task/controllers/WorkshopTaskController.ts(4,1): error TS6192: All imports in import declaration are unused.
src/modules/team/controllers/TeamController.ts(4,1): error TS6192: All imports in import declaration are unused.
src/modules/team/repositories/TeamRepository.ts(114,31): error TS2345: Argument of type '(m: Types.ObjectId) => boolean' is not assignable to parameter of type '(value: IMembership, index: number, array: IMembership[]) => unknown'.
  Types of parameters 'm' and 'value' are incompatible.
    Type 'IMembership' is missing the following properties from type 'ObjectId': _bsontype, toHexString, getTimestamp, inspect
src/modules/workshop/controllers/WorkshopController.ts(4,30): error TS6133: 'IWorkshop' is declared but its value is never read.
src/modules/workshop/controllers/WorkshopController.ts(4,41): error TS6133: 'CreateWorkshopDTO' is declared but its value is never read.
src/modules/workshop/controllers/WorkshopController.ts(4,60): error TS6133: 'UpdateWorkshopDTO' is declared but its value is never read.
src/modules/workshop/controllers/WorkshopController.ts(4,79): error TS6133: 'ProjectCategory' is declared but its value is never read.
src/modules/workshop/interfaces/IWorkshopService.ts(3,10): error TS2724: '"../../invitation/models/Invitation"' has no exported member named 'IInvitation'. Did you mean 'Invitation'?
src/modules/workshop/services/WorkshopService.ts(22,22): error TS2724: '"../../invitation/models/Invitation"' has no exported member named 'IInvitation'. Did you mean 'Invitation'?
