src/modules/chat/services/ChatService.ts(119,17): error TS18048: 'project.maintainers' is possibly 'undefined'.
src/modules/chat/services/ChatService.ts(122,61): error TS2339: Property 'find' does not exist on type 'TeamRepository'.
src/modules/chat/services/ChatService.ts(288,49): error TS2339: Property 'findByUser' does not exist on type 'TeamRepository'.
src/modules/chat/services/ChatService.ts(297,55): error TS2339: Property 'findAccessible' does not exist on type 'WorkshopProjectRepository'.
src/modules/invitation/repositories/InvitationRepository.ts(2,1): error TS6133: 'Types' is declared but its value is never read.
